
ReferenceError: You are trying to `import` a file after the Jest environment has been torn down. From __tests__/seedData.e2e.test.js.

      at Object.getCodec (node_modules/mysql2/node_modules/iconv-lite/lib/index.js:65:15)
      at Object.getDecoder (node_modules/mysql2/node_modules/iconv-lite/lib/index.js:128:30)
      at Object.exports.decode (node_modules/mysql2/lib/parsers/string.js:20:23)
      at Packet.readNullTerminatedString (node_modules/mysql2/lib/packets/packet.js:413:25)
      at Handshake.fromPacket (node_modules/mysql2/lib/packets/handshake.js:62:33)
      at ClientHandshake.handshakeInit (node_modules/mysql2/lib/commands/client_handshake.js:255:40)
      at ClientHandshake.execute (node_modules/mysql2/lib/commands/command.js:45:22)
      at PoolConnection.handlePacket (node_modules/mysql2/lib/base/connection.js:552:34)
      at PacketParser.onPacket (node_modules/mysql2/lib/base/connection.js:102:12)
      at PacketParser.executeStart (node_modules/mysql2/lib/packet_parser.js:75:16)
      at Socket.<anonymous> (node_modules/mysql2/lib/base/connection.js:109:25)

ReferenceError: You are trying to `import` a file after the Jest environment has been torn down. From __tests__/userDelinquencyLifecycle.e2e.test.js.

      at Object.getCodec (node_modules/mysql2/node_modules/iconv-lite/lib/index.js:65:15)
      at Object.getDecoder (node_modules/mysql2/node_modules/iconv-lite/lib/index.js:128:30)
      at Object.exports.decode (node_modules/mysql2/lib/parsers/string.js:20:23)
      at Packet.readNullTerminatedString (node_modules/mysql2/lib/packets/packet.js:413:25)
      at Handshake.fromPacket (node_modules/mysql2/lib/packets/handshake.js:62:33)
      at ClientHandshake.handshakeInit (node_modules/mysql2/lib/commands/client_handshake.js:255:40)
      at ClientHandshake.execute (node_modules/mysql2/lib/commands/command.js:45:22)
      at PoolConnection.handlePacket (node_modules/mysql2/lib/base/connection.js:552:34)
      at PacketParser.onPacket (node_modules/mysql2/lib/base/connection.js:102:12)
      at PacketParser.executeStart (node_modules/mysql2/lib/packet_parser.js:75:16)
      at Socket.<anonymous> (node_modules/mysql2/lib/base/connection.js:109:25)

ReferenceError: You are trying to `import` a file after the Jest environment has been torn down. From __tests__/companyAssignCancelIndividual.e2e.test.js.

      at Object.getCodec (node_modules/mysql2/node_modules/iconv-lite/lib/index.js:65:15)
      at Object.getDecoder (node_modules/mysql2/node_modules/iconv-lite/lib/index.js:128:30)
      at Object.exports.decode (node_modules/mysql2/lib/parsers/string.js:20:23)
      at Packet.readNullTerminatedString (node_modules/mysql2/lib/packets/packet.js:413:25)
      at Handshake.fromPacket (node_modules/mysql2/lib/packets/handshake.js:62:33)
      at ClientHandshake.handshakeInit (node_modules/mysql2/lib/commands/client_handshake.js:255:40)
      at ClientHandshake.execute (node_modules/mysql2/lib/commands/command.js:45:22)
      at PoolConnection.handlePacket (node_modules/mysql2/lib/base/connection.js:552:34)
      at PacketParser.onPacket (node_modules/mysql2/lib/base/connection.js:102:12)
      at PacketParser.executeStart (node_modules/mysql2/lib/packet_parser.js:75:16)
      at Socket.<anonymous> (node_modules/mysql2/lib/base/connection.js:109:25)
PASS __tests__/shipperRequestValidation.test.js
  ShipperRequest Validation
    ✓ rejects numberOfVehicles > 100 (8 ms)
    ✓ accepts numberOfVehicles = 100 with company_target (4 ms)
    ✓ rejects individual_target with 10+ vehicles (1 ms)
    ✓ rejects default mode (individual_target) with 15 vehicles
    ✓ allows individual_target with exactly 9 vehicles (1 ms)
    ✓ allows individual_target with 1 vehicle (default)
    ✓ allows company_target with 1 vehicle

PASS __tests__/vehicleType.e2e.test.js
  VehicleTypes E2E
    ✓ create vehicle type, then list (35 ms)

PASS __tests__/companyTargetLazyCreation.e2e.test.js
  Company-Target Lazy sr Creation
    ✓ company_target batch creates batch header with lat/lng but zero sr rows (9 ms)
    ✓ accepting a bid only updates batch status, no sr rows created (4 ms)
    ✓ creating a sr just-in-time from batch metadata inherits all fields (5 ms)
    ✓ Joi validation rejects numberOfVehicles > 100 (33 ms)
    ✓ individual_target with 10+ vehicles is rejected (3 ms)
    ✓ company_target with 100 vehicles is accepted
    ✓ individual_target with 9 vehicles is fine (1 ms)


ReferenceError: You are trying to `import` a file after the Jest environment has been torn down. From __tests__/shipperRequestJourney.e2e.test.js.

      at Object.getCodec (node_modules/mysql2/node_modules/iconv-lite/lib/index.js:65:15)
      at Object.getDecoder (node_modules/mysql2/node_modules/iconv-lite/lib/index.js:128:30)
      at Object.exports.decode (node_modules/mysql2/lib/parsers/string.js:20:23)
      at Packet.readNullTerminatedString (node_modules/mysql2/lib/packets/packet.js:413:25)
      at Handshake.fromPacket (node_modules/mysql2/lib/packets/handshake.js:62:33)
      at ClientHandshake.handshakeInit (node_modules/mysql2/lib/commands/client_handshake.js:255:40)
      at ClientHandshake.execute (node_modules/mysql2/lib/commands/command.js:45:22)
      at PoolConnection.handlePacket (node_modules/mysql2/lib/base/connection.js:552:34)
      at PacketParser.onPacket (node_modules/mysql2/lib/base/connection.js:102:12)
      at PacketParser.executeStart (node_modules/mysql2/lib/packet_parser.js:75:16)
      at Socket.<anonymous> (node_modules/mysql2/lib/base/connection.js:109:25)
PASS __tests__/resolveDocumentUrl.test.js
  resolveDocumentUrl
    ✓ resolves a relative /uploads/ path to the full URL (3 ms)
    ✓ re-bases a legacy https://dynamicsroute.tech URL to the current domain
    ✓ re-bases any arbitrary old domain to the current domain
    ✓ returns null for null input
    ✓ returns null for undefined input
    ✓ returns null for empty string
    ✓ returns an external URL as-is if it has no /uploads/ segment


ReferenceError: You are trying to `import` a file after the Jest environment has been torn down. From __tests__/companyVehicle.e2e.test.js.

      at Object.getCodec (node_modules/mysql2/node_modules/iconv-lite/lib/index.js:65:15)
      at Object.getDecoder (node_modules/mysql2/node_modules/iconv-lite/lib/index.js:128:30)
      at Object.exports.decode (node_modules/mysql2/lib/parsers/string.js:20:23)
      at Packet.readNullTerminatedString (node_modules/mysql2/lib/packets/packet.js:413:25)
      at Handshake.fromPacket (node_modules/mysql2/lib/packets/handshake.js:62:33)
      at ClientHandshake.handshakeInit (node_modules/mysql2/lib/commands/client_handshake.js:255:40)
      at ClientHandshake.execute (node_modules/mysql2/lib/commands/command.js:45:22)
      at PoolConnection.handlePacket (node_modules/mysql2/lib/base/connection.js:552:34)
      at PacketParser.onPacket (node_modules/mysql2/lib/base/connection.js:102:12)
      at PacketParser.executeStart (node_modules/mysql2/lib/packet_parser.js:75:16)
      at Socket.<anonymous> (node_modules/mysql2/lib/base/connection.js:109:25)
  console.error
    
    ❌ VALIDATION FAILED [POST /]

      42 |       }));
      43 |       // Always print to terminal regardless of Winston log level
    > 44 |       console.error(`\n❌ VALIDATION FAILED [${method} ${path}]`);
         |               ^
      45 |       console.error('   source  :', source);
      46 |       console.error('   details :', JSON.stringify(details, null, 4));
      47 |       console.error('   body    :', JSON.stringify(data, null, 4));

      at error (Middleware/Validator.js:44:15)
      at Layer.handle [as handle_request] (node_modules/express/lib/router/layer.js:95:5)
      at next (node_modules/express/lib/router/route.js:149:13)
      at next (Middleware/VerifyToken.js:132:5)
      at Layer.handle [as handle_request] (node_modules/express/lib/router/layer.js:95:5)
      at next (node_modules/express/lib/router/route.js:149:13)
      at next (Middleware/VerifyToken.js:38:5)

  console.error
       source  : body

      43 |       // Always print to terminal regardless of Winston log level
      44 |       console.error(`\n❌ VALIDATION FAILED [${method} ${path}]`);
    > 45 |       console.error('   source  :', source);
         |               ^
      46 |       console.error('   details :', JSON.stringify(details, null, 4));
      47 |       console.error('   body    :', JSON.stringify(data, null, 4));
      48 |       logger.warn("@validator schema.validate failed", {

      at error (Middleware/Validator.js:45:15)
      at Layer.handle [as handle_request] (node_modules/express/lib/router/layer.js:95:5)
      at next (node_modules/express/lib/router/route.js:149:13)
      at next (Middleware/VerifyToken.js:132:5)
      at Layer.handle [as handle_request] (node_modules/express/lib/router/layer.js:95:5)
      at next (node_modules/express/lib/router/route.js:149:13)
      at next (Middleware/VerifyToken.js:38:5)

  console.error
       details : [
        {
            "field": "delinquencyTypeUniqueId",
            "message": "\"delinquencyTypeUniqueId\" is required"
        }
    ]

      44 |       console.error(`\n❌ VALIDATION FAILED [${method} ${path}]`);
      45 |       console.error('   source  :', source);
    > 46 |       console.error('   details :', JSON.stringify(details, null, 4));
         |               ^
      47 |       console.error('   body    :', JSON.stringify(data, null, 4));
      48 |       logger.warn("@validator schema.validate failed", {
      49 |         method,

      at error (Middleware/Validator.js:46:15)
      at Layer.handle [as handle_request] (node_modules/express/lib/router/layer.js:95:5)
      at next (node_modules/express/lib/router/route.js:149:13)
      at next (Middleware/VerifyToken.js:132:5)
      at Layer.handle [as handle_request] (node_modules/express/lib/router/layer.js:95:5)
      at next (node_modules/express/lib/router/route.js:149:13)
      at next (Middleware/VerifyToken.js:38:5)

  console.error
       body    : {
        "companyUniqueId": "fb226199-1a65-4cc3-bb15-8ff839ad2b31"
    }

      45 |       console.error('   source  :', source);
      46 |       console.error('   details :', JSON.stringify(details, null, 4));
    > 47 |       console.error('   body    :', JSON.stringify(data, null, 4));
         |               ^
      48 |       logger.warn("@validator schema.validate failed", {
      49 |         method,
      50 |         path,

      at error (Middleware/Validator.js:47:15)
      at Layer.handle [as handle_request] (node_modules/express/lib/router/layer.js:95:5)
      at next (node_modules/express/lib/router/route.js:149:13)
      at next (Middleware/VerifyToken.js:132:5)
      at Layer.handle [as handle_request] (node_modules/express/lib/router/layer.js:95:5)
      at next (node_modules/express/lib/router/route.js:149:13)
      at next (Middleware/VerifyToken.js:38:5)

  console.error
    
    ❌ VALIDATION FAILED [POST /response]

      42 |       }));
      43 |       // Always print to terminal regardless of Winston log level
    > 44 |       console.error(`\n❌ VALIDATION FAILED [${method} ${path}]`);
         |               ^
      45 |       console.error('   source  :', source);
      46 |       console.error('   details :', JSON.stringify(details, null, 4));
      47 |       console.error('   body    :', JSON.stringify(data, null, 4));

      at error (Middleware/Validator.js:44:15)
      at Layer.handle [as handle_request] (node_modules/express/lib/router/layer.js:95:5)
      at next (node_modules/express/lib/router/route.js:149:13)
      at next (Middleware/VerifyToken.js:38:5)

  console.error
       source  : body

      43 |       // Always print to terminal regardless of Winston log level
      44 |       console.error(`\n❌ VALIDATION FAILED [${method} ${path}]`);
    > 45 |       console.error('   source  :', source);
         |               ^
      46 |       console.error('   details :', JSON.stringify(details, null, 4));
      47 |       console.error('   body    :', JSON.stringify(data, null, 4));
      48 |       logger.warn("@validator schema.validate failed", {

      at error (Middleware/Validator.js:45:15)
      at Layer.handle [as handle_request] (node_modules/express/lib/router/layer.js:95:5)
      at next (node_modules/express/lib/router/route.js:149:13)
      at next (Middleware/VerifyToken.js:38:5)

  console.error
       details : [
        {
            "field": "companyDelinquencyResponse",
            "message": "Response must be at least 10 characters"
        }
    ]

      44 |       console.error(`\n❌ VALIDATION FAILED [${method} ${path}]`);
      45 |       console.error('   source  :', source);
    > 46 |       console.error('   details :', JSON.stringify(details, null, 4));
         |               ^
      47 |       console.error('   body    :', JSON.stringify(data, null, 4));
      48 |       logger.warn("@validator schema.validate failed", {
      49 |         method,

      at error (Middleware/Validator.js:46:15)
      at Layer.handle [as handle_request] (node_modules/express/lib/router/layer.js:95:5)
      at next (node_modules/express/lib/router/route.js:149:13)
      at next (Middleware/VerifyToken.js:38:5)

  console.error
       body    : {
        "companyDelinquencyUniqueId": "2b7b6d60-016b-42da-8a8c-91590b8c0ab8",
        "companyDelinquencyResponse": "Short"
    }

      45 |       console.error('   source  :', source);
      46 |       console.error('   details :', JSON.stringify(details, null, 4));
    > 47 |       console.error('   body    :', JSON.stringify(data, null, 4));
         |               ^
      48 |       logger.warn("@validator schema.validate failed", {
      49 |         method,
      50 |         path,

      at error (Middleware/Validator.js:47:15)
      at Layer.handle [as handle_request] (node_modules/express/lib/router/layer.js:95:5)
      at next (node_modules/express/lib/router/route.js:149:13)
      at next (Middleware/VerifyToken.js:38:5)

  console.error
    
    ❌ VALIDATION FAILED [POST /]

      42 |       }));
      43 |       // Always print to terminal regardless of Winston log level
    > 44 |       console.error(`\n❌ VALIDATION FAILED [${method} ${path}]`);
         |               ^
      45 |       console.error('   source  :', source);
      46 |       console.error('   details :', JSON.stringify(details, null, 4));
      47 |       console.error('   body    :', JSON.stringify(data, null, 4));

      at error (Middleware/Validator.js:44:15)
      at Layer.handle [as handle_request] (node_modules/express/lib/router/layer.js:95:5)
      at next (node_modules/express/lib/router/route.js:149:13)
      at next (Middleware/VerifyToken.js:132:5)
      at Layer.handle [as handle_request] (node_modules/express/lib/router/layer.js:95:5)
      at next (node_modules/express/lib/router/route.js:149:13)
      at next (Middleware/VerifyToken.js:38:5)

  console.error
       source  : body

      43 |       // Always print to terminal regardless of Winston log level
      44 |       console.error(`\n❌ VALIDATION FAILED [${method} ${path}]`);
    > 45 |       console.error('   source  :', source);
         |               ^
      46 |       console.error('   details :', JSON.stringify(details, null, 4));
      47 |       console.error('   body    :', JSON.stringify(data, null, 4));
      48 |       logger.warn("@validator schema.validate failed", {

      at error (Middleware/Validator.js:45:15)
      at Layer.handle [as handle_request] (node_modules/express/lib/router/layer.js:95:5)
      at next (node_modules/express/lib/router/route.js:149:13)
      at next (Middleware/VerifyToken.js:132:5)
      at Layer.handle [as handle_request] (node_modules/express/lib/router/layer.js:95:5)
      at next (node_modules/express/lib/router/route.js:149:13)
      at next (Middleware/VerifyToken.js:38:5)

  console.error
       details : [
        {
            "field": "adminDecisionText",
            "message": "\"adminDecisionText\" length must be at least 10 characters long"
        }
    ]

      44 |       console.error(`\n❌ VALIDATION FAILED [${method} ${path}]`);
      45 |       console.error('   source  :', source);
    > 46 |       console.error('   details :', JSON.stringify(details, null, 4));
         |               ^
      47 |       console.error('   body    :', JSON.stringify(data, null, 4));
      48 |       logger.warn("@validator schema.validate failed", {
      49 |         method,

      at error (Middleware/Validator.js:46:15)
      at Layer.handle [as handle_request] (node_modules/express/lib/router/layer.js:95:5)
      at next (node_modules/express/lib/router/route.js:149:13)
      at next (Middleware/VerifyToken.js:132:5)
      at Layer.handle [as handle_request] (node_modules/express/lib/router/layer.js:95:5)
      at next (node_modules/express/lib/router/route.js:149:13)
      at next (Middleware/VerifyToken.js:38:5)

  console.error
       body    : {
        "companyDelinquencyUniqueId": "2b7b6d60-016b-42da-8a8c-91590b8c0ab8",
        "decisionOutcome": "DISMISSED",
        "adminDecisionText": "Too short"
    }

      45 |       console.error('   source  :', source);
      46 |       console.error('   details :', JSON.stringify(details, null, 4));
    > 47 |       console.error('   body    :', JSON.stringify(data, null, 4));
         |               ^
      48 |       logger.warn("@validator schema.validate failed", {
      49 |         method,
      50 |         path,

      at error (Middleware/Validator.js:47:15)
      at Layer.handle [as handle_request] (node_modules/express/lib/router/layer.js:95:5)
      at next (node_modules/express/lib/router/route.js:149:13)
      at next (Middleware/VerifyToken.js:132:5)
      at Layer.handle [as handle_request] (node_modules/express/lib/router/layer.js:95:5)
      at next (node_modules/express/lib/router/route.js:149:13)
      at next (Middleware/VerifyToken.js:38:5)

PASS __tests__/companyDelinquencyLifecycle.e2e.test.js
  1. POST /api/company/admin/delinquency — create delinquency
    ✓ requires admin token (8 ms)
    ✓ rejects missing required fields (14 ms)
    ✓ successfully creates a delinquency (6 ms)
    ✓ delinquency record exists in DB (1 ms)
  2. GET /api/company/admin/delinquency — list delinquencies
    ✓ returns paginated list with the created delinquency (5 ms)
    ✓ pagination metadata is present (7 ms)
  3. POST /api/company/delinquency-response/response — company dispute
    ✓ rejects response shorter than 10 characters (4 ms)
    ✓ company submits a valid dispute response (5 ms)
    ✓ duplicate response to the same delinquency is blocked (7 ms)
    ✓ response record is stored correctly in DB (1 ms)
  4. GET /api/company/delinquency-response/response — list responses
    ✓ admin can list responses filtered by delinquency (3 ms)
  5. POST /api/company/admin/delinquency-decisions — DISMISSED outcome
    ✓ DISMISSED: requires adminDecisionText of at least 10 chars (4 ms)
    ✓ DISMISSED: successfully records admin decision (5 ms)
    ✓ DISMISSED: delinquency record still exists (no side-effect)
    ✓ duplicate admin decision on same delinquency is blocked (6 ms)
  6. Admin UPHELD decision → graduated auto-ban check
    ✓ UPHELD: admin issues UPHELD decision on one of the delinquencies (6 ms)
    ✓ UPHELD: CompanyBan created via graduated auto-ban (points >= threshold) (1 ms)
    ✓ UPHELD: CompanyBanDelinquency junction rows link ban to contributing delinquencies
  7. Admin EXONERATED decision → delinquency deleted
    ✓ EXONERATED: admin clears the delinquency (4 ms)
    ✓ EXONERATED: delinquency row is soft-deleted in DB (1 ms)
  8. Admin REDUCED decision → delinquency points updated
    ✓ REDUCED: requires delinquencyPointsAfter (3 ms)
    ✓ REDUCED: admin reduces delinquency points (5 ms)
    ✓ REDUCED: delinquency points updated in DB
  9. GET /api/company/admin/delinquency-decisions — list decisions
    ✓ admin can list decisions with pagination (4 ms)
    ✓ non-admin cannot access the decision list (1 ms)
    ✓ filter by decisionOutcome=DISMISSED returns only DISMISSED records (3 ms)

PASS __tests__/payments.e2e.test.js
  Payments E2E
    ✓ GET /api/finance/payments returns list (6 ms)

PASS __tests__/userCreate.e2e.test.js
  Create User E2E
    ✓ create user returns 200 (440 ms)

A worker process has failed to exit gracefully and has been force exited. This is likely caused by tests leaking due to improper teardown. Try running with --detectOpenHandles to find leaks. Active timers can also cause this, ensure that .unref() was called on them.
Test Suites: 5 skipped, 7 passed, 7 of 12 total
Tests:       58 skipped, 50 passed, 108 total
Snapshots:   0 total
Time:        3.408 s
Ran all test suites.
Force exiting Jest: Have you considered using `--detectOpenHandles` to detect async operations that kept running after all tests finished?
